------------------------------------------------------------
Timing Analyzer Summary
------------------------------------------------------------

Type  : Slow 1100mV 85C Model Setup 'CLK'
Slack : -0.578
TNS   : -4.681

Type  : Slow 1100mV 85C Model Hold 'CLK'
Slack : 0.359
TNS   : 0.000

Type  : Slow 1100mV 85C Model Minimum Pulse Width 'CLK'
Slack : -0.538
TNS   : -9.738

Type  : Slow 1100mV 0C Model Setup 'CLK'
Slack : -0.603
TNS   : -5.219

Type  : Slow 1100mV 0C Model Hold 'CLK'
Slack : 0.340
TNS   : 0.000

Type  : Slow 1100mV 0C Model Minimum Pulse Width 'CLK'
Slack : -0.538
TNS   : -9.558

Type  : Fast 1100mV 85C Model Setup 'CLK'
Slack : 0.211
TNS   : 0.000

Type  : Fast 1100mV 85C Model Hold 'CLK'
Slack : 0.180
TNS   : 0.000

Type  : Fast 1100mV 85C Model Minimum Pulse Width 'CLK'
Slack : -0.259
TNS   : -3.137

Type  : Fast 1100mV 0C Model Setup 'CLK'
Slack : 0.255
TNS   : 0.000

Type  : Fast 1100mV 0C Model Hold 'CLK'
Slack : 0.166
TNS   : 0.000

Type  : Fast 1100mV 0C Model Minimum Pulse Width 'CLK'
Slack : -0.249
TNS   : -3.018

------------------------------------------------------------
