------------------------------------------------------------
Timing Analyzer Summary
------------------------------------------------------------

Type  : Slow 1100mV 85C Model Setup 'RST_DEBOUNCER'
Slack : -9.046
TNS   : -166.702

Type  : Slow 1100mV 85C Model Setup 'INPUT_CLK'
Slack : -8.924
TNS   : -160.419

Type  : Slow 1100mV 85C Model Setup 'CLK_FPGA'
Slack : -3.240
TNS   : -53.877

Type  : Slow 1100mV 85C Model Hold 'CLK_FPGA'
Slack : 0.426
TNS   : 0.000

Type  : Slow 1100mV 85C Model Hold 'RST_DEBOUNCER'
Slack : 1.187
TNS   : 0.000

Type  : Slow 1100mV 85C Model Hold 'INPUT_CLK'
Slack : 1.282
TNS   : 0.000

Type  : Slow 1100mV 85C Model Recovery 'RST_DEBOUNCER'
Slack : -5.923
TNS   : -81.000

Type  : Slow 1100mV 85C Model Recovery 'INPUT_CLK'
Slack : -5.801
TNS   : -79.048

Type  : Slow 1100mV 85C Model Recovery 'CLK_FPGA'
Slack : -2.601
TNS   : -46.573

Type  : Slow 1100mV 85C Model Removal 'CLK_FPGA'
Slack : 1.213
TNS   : 0.000

Type  : Slow 1100mV 85C Model Removal 'INPUT_CLK'
Slack : 1.560
TNS   : 0.000

Type  : Slow 1100mV 85C Model Removal 'RST_DEBOUNCER'
Slack : 1.633
TNS   : 0.000

Type  : Slow 1100mV 85C Model Minimum Pulse Width 'INPUT_CLK'
Slack : -2.636
TNS   : -57.156

Type  : Slow 1100mV 85C Model Minimum Pulse Width 'RST_DEBOUNCER'
Slack : -2.636
TNS   : -56.565

Type  : Slow 1100mV 85C Model Minimum Pulse Width 'CLK_FPGA'
Slack : -0.538
TNS   : -14.033

Type  : Slow 1100mV 0C Model Setup 'RST_DEBOUNCER'
Slack : -9.190
TNS   : -169.749

Type  : Slow 1100mV 0C Model Setup 'INPUT_CLK'
Slack : -9.040
TNS   : -163.040

Type  : Slow 1100mV 0C Model Setup 'CLK_FPGA'
Slack : -3.073
TNS   : -49.359

Type  : Slow 1100mV 0C Model Hold 'CLK_FPGA'
Slack : 0.439
TNS   : 0.000

Type  : Slow 1100mV 0C Model Hold 'RST_DEBOUNCER'
Slack : 0.990
TNS   : 0.000

Type  : Slow 1100mV 0C Model Hold 'INPUT_CLK'
Slack : 1.221
TNS   : 0.000

Type  : Slow 1100mV 0C Model Recovery 'RST_DEBOUNCER'
Slack : -6.135
TNS   : -83.504

Type  : Slow 1100mV 0C Model Recovery 'INPUT_CLK'
Slack : -5.985
TNS   : -81.104

Type  : Slow 1100mV 0C Model Recovery 'CLK_FPGA'
Slack : -2.344
TNS   : -42.081

Type  : Slow 1100mV 0C Model Removal 'CLK_FPGA'
Slack : 0.965
TNS   : 0.000

Type  : Slow 1100mV 0C Model Removal 'INPUT_CLK'
Slack : 1.624
TNS   : 0.000

Type  : Slow 1100mV 0C Model Removal 'RST_DEBOUNCER'
Slack : 1.689
TNS   : 0.000

Type  : Slow 1100mV 0C Model Minimum Pulse Width 'INPUT_CLK'
Slack : -2.636
TNS   : -58.104

Type  : Slow 1100mV 0C Model Minimum Pulse Width 'RST_DEBOUNCER'
Slack : -2.636
TNS   : -56.897

Type  : Slow 1100mV 0C Model Minimum Pulse Width 'CLK_FPGA'
Slack : -0.538
TNS   : -14.106

Type  : Fast 1100mV 85C Model Setup 'RST_DEBOUNCER'
Slack : -5.237
TNS   : -91.447

Type  : Fast 1100mV 85C Model Setup 'INPUT_CLK'
Slack : -5.192
TNS   : -88.346

Type  : Fast 1100mV 85C Model Setup 'CLK_FPGA'
Slack : -1.772
TNS   : -27.996

Type  : Fast 1100mV 85C Model Hold 'CLK_FPGA'
Slack : 0.098
TNS   : 0.000

Type  : Fast 1100mV 85C Model Hold 'INPUT_CLK'
Slack : 0.389
TNS   : 0.000

Type  : Fast 1100mV 85C Model Hold 'RST_DEBOUNCER'
Slack : 0.428
TNS   : 0.000

Type  : Fast 1100mV 85C Model Recovery 'RST_DEBOUNCER'
Slack : -3.393
TNS   : -47.278

Type  : Fast 1100mV 85C Model Recovery 'INPUT_CLK'
Slack : -3.348
TNS   : -46.558

Type  : Fast 1100mV 85C Model Recovery 'CLK_FPGA'
Slack : -1.615
TNS   : -28.485

Type  : Fast 1100mV 85C Model Removal 'CLK_FPGA'
Slack : 0.400
TNS   : 0.000

Type  : Fast 1100mV 85C Model Removal 'INPUT_CLK'
Slack : 1.500
TNS   : 0.000

Type  : Fast 1100mV 85C Model Removal 'RST_DEBOUNCER'
Slack : 1.500
TNS   : 0.000

Type  : Fast 1100mV 85C Model Minimum Pulse Width 'INPUT_CLK'
Slack : -2.174
TNS   : -46.556

Type  : Fast 1100mV 85C Model Minimum Pulse Width 'RST_DEBOUNCER'
Slack : -2.174
TNS   : -46.274

Type  : Fast 1100mV 85C Model Minimum Pulse Width 'CLK_FPGA'
Slack : -0.098
TNS   : -1.752

Type  : Fast 1100mV 0C Model Setup 'RST_DEBOUNCER'
Slack : -4.904
TNS   : -85.340

Type  : Fast 1100mV 0C Model Setup 'INPUT_CLK'
Slack : -4.812
TNS   : -81.318

Type  : Fast 1100mV 0C Model Setup 'CLK_FPGA'
Slack : -1.556
TNS   : -24.340

Type  : Fast 1100mV 0C Model Hold 'CLK_FPGA'
Slack : -0.011
TNS   : -0.011

Type  : Fast 1100mV 0C Model Hold 'INPUT_CLK'
Slack : 0.311
TNS   : 0.000

Type  : Fast 1100mV 0C Model Hold 'RST_DEBOUNCER'
Slack : 0.399
TNS   : 0.000

Type  : Fast 1100mV 0C Model Recovery 'RST_DEBOUNCER'
Slack : -3.270
TNS   : -45.678

Type  : Fast 1100mV 0C Model Recovery 'INPUT_CLK'
Slack : -3.178
TNS   : -44.206

Type  : Fast 1100mV 0C Model Recovery 'CLK_FPGA'
Slack : -1.380
TNS   : -24.023

Type  : Fast 1100mV 0C Model Removal 'CLK_FPGA'
Slack : 0.246
TNS   : 0.000

Type  : Fast 1100mV 0C Model Removal 'INPUT_CLK'
Slack : 1.462
TNS   : 0.000

Type  : Fast 1100mV 0C Model Removal 'RST_DEBOUNCER'
Slack : 1.508
TNS   : 0.000

Type  : Fast 1100mV 0C Model Minimum Pulse Width 'INPUT_CLK'
Slack : -2.174
TNS   : -45.644

Type  : Fast 1100mV 0C Model Minimum Pulse Width 'RST_DEBOUNCER'
Slack : -2.174
TNS   : -45.456

Type  : Fast 1100mV 0C Model Minimum Pulse Width 'CLK_FPGA'
Slack : -0.099
TNS   : -1.756

------------------------------------------------------------
