------------------------------------------------------------
Timing Analyzer Summary
------------------------------------------------------------

Type  : Slow 1100mV 85C Model Setup 'INPUT_CLK'
Slack : -7.531
TNS   : -100.218

Type  : Slow 1100mV 85C Model Setup 'RST_DEBOUNCER'
Slack : -7.272
TNS   : -100.710

Type  : Slow 1100mV 85C Model Setup 'CLK_FPGA'
Slack : -3.634
TNS   : -53.419

Type  : Slow 1100mV 85C Model Hold 'CLK_FPGA'
Slack : 0.427
TNS   : 0.000

Type  : Slow 1100mV 85C Model Hold 'RST_DEBOUNCER'
Slack : 0.957
TNS   : 0.000

Type  : Slow 1100mV 85C Model Hold 'INPUT_CLK'
Slack : 1.416
TNS   : 0.000

Type  : Slow 1100mV 85C Model Recovery 'INPUT_CLK'
Slack : -5.663
TNS   : -22.281

Type  : Slow 1100mV 85C Model Recovery 'RST_DEBOUNCER'
Slack : -5.404
TNS   : -21.245

Type  : Slow 1100mV 85C Model Recovery 'CLK_FPGA'
Slack : -2.516
TNS   : -45.190

Type  : Slow 1100mV 85C Model Removal 'CLK_FPGA'
Slack : 1.213
TNS   : 0.000

Type  : Slow 1100mV 85C Model Removal 'RST_DEBOUNCER'
Slack : 2.054
TNS   : 0.000

Type  : Slow 1100mV 85C Model Removal 'INPUT_CLK'
Slack : 2.328
TNS   : 0.000

Type  : Slow 1100mV 85C Model Minimum Pulse Width 'INPUT_CLK'
Slack : -2.636
TNS   : -47.874

Type  : Slow 1100mV 85C Model Minimum Pulse Width 'RST_DEBOUNCER'
Slack : -2.636
TNS   : -46.124

Type  : Slow 1100mV 85C Model Minimum Pulse Width 'CLK_FPGA'
Slack : -0.538
TNS   : -14.028

Type  : Slow 1100mV 0C Model Setup 'INPUT_CLK'
Slack : -7.854
TNS   : -101.988

Type  : Slow 1100mV 0C Model Setup 'RST_DEBOUNCER'
Slack : -7.412
TNS   : -99.590

Type  : Slow 1100mV 0C Model Setup 'CLK_FPGA'
Slack : -3.559
TNS   : -50.521

Type  : Slow 1100mV 0C Model Hold 'CLK_FPGA'
Slack : 0.438
TNS   : 0.000

Type  : Slow 1100mV 0C Model Hold 'RST_DEBOUNCER'
Slack : 0.688
TNS   : 0.000

Type  : Slow 1100mV 0C Model Hold 'INPUT_CLK'
Slack : 1.465
TNS   : 0.000

Type  : Slow 1100mV 0C Model Recovery 'INPUT_CLK'
Slack : -5.961
TNS   : -23.407

Type  : Slow 1100mV 0C Model Recovery 'RST_DEBOUNCER'
Slack : -5.519
TNS   : -21.639

Type  : Slow 1100mV 0C Model Recovery 'CLK_FPGA'
Slack : -2.277
TNS   : -40.903

Type  : Slow 1100mV 0C Model Removal 'CLK_FPGA'
Slack : 0.958
TNS   : 0.000

Type  : Slow 1100mV 0C Model Removal 'RST_DEBOUNCER'
Slack : 2.023
TNS   : 0.000

Type  : Slow 1100mV 0C Model Removal 'INPUT_CLK'
Slack : 2.480
TNS   : 0.000

Type  : Slow 1100mV 0C Model Minimum Pulse Width 'INPUT_CLK'
Slack : -2.636
TNS   : -47.909

Type  : Slow 1100mV 0C Model Minimum Pulse Width 'RST_DEBOUNCER'
Slack : -2.636
TNS   : -45.975

Type  : Slow 1100mV 0C Model Minimum Pulse Width 'CLK_FPGA'
Slack : -0.538
TNS   : -14.062

Type  : Fast 1100mV 85C Model Setup 'RST_DEBOUNCER'
Slack : -4.031
TNS   : -53.989

Type  : Fast 1100mV 85C Model Setup 'INPUT_CLK'
Slack : -4.020
TNS   : -51.055

Type  : Fast 1100mV 85C Model Setup 'CLK_FPGA'
Slack : -1.982
TNS   : -28.085

Type  : Fast 1100mV 85C Model Hold 'CLK_FPGA'
Slack : 0.170
TNS   : 0.000

Type  : Fast 1100mV 85C Model Hold 'RST_DEBOUNCER'
Slack : 0.317
TNS   : 0.000

Type  : Fast 1100mV 85C Model Hold 'INPUT_CLK'
Slack : 0.386
TNS   : 0.000

Type  : Fast 1100mV 85C Model Recovery 'RST_DEBOUNCER'
Slack : -3.131
TNS   : -12.368

Type  : Fast 1100mV 85C Model Recovery 'INPUT_CLK'
Slack : -3.120
TNS   : -12.324

Type  : Fast 1100mV 85C Model Recovery 'CLK_FPGA'
Slack : -1.450
TNS   : -26.079

Type  : Fast 1100mV 85C Model Removal 'CLK_FPGA'
Slack : 0.334
TNS   : 0.000

Type  : Fast 1100mV 85C Model Removal 'INPUT_CLK'
Slack : 1.763
TNS   : 0.000

Type  : Fast 1100mV 85C Model Removal 'RST_DEBOUNCER'
Slack : 1.768
TNS   : 0.000

Type  : Fast 1100mV 85C Model Minimum Pulse Width 'INPUT_CLK'
Slack : -2.174
TNS   : -39.293

Type  : Fast 1100mV 85C Model Minimum Pulse Width 'RST_DEBOUNCER'
Slack : -2.174
TNS   : -37.071

Type  : Fast 1100mV 85C Model Minimum Pulse Width 'CLK_FPGA'
Slack : -0.099
TNS   : -1.764

Type  : Fast 1100mV 0C Model Setup 'INPUT_CLK'
Slack : -3.842
TNS   : -47.056

Type  : Fast 1100mV 0C Model Setup 'RST_DEBOUNCER'
Slack : -3.837
TNS   : -49.549

Type  : Fast 1100mV 0C Model Setup 'CLK_FPGA'
Slack : -1.731
TNS   : -24.968

Type  : Fast 1100mV 0C Model Hold 'CLK_FPGA'
Slack : 0.079
TNS   : 0.000

Type  : Fast 1100mV 0C Model Hold 'RST_DEBOUNCER'
Slack : 0.246
TNS   : 0.000

Type  : Fast 1100mV 0C Model Hold 'INPUT_CLK'
Slack : 0.329
TNS   : 0.000

Type  : Fast 1100mV 0C Model Recovery 'INPUT_CLK'
Slack : -3.013
TNS   : -11.861

Type  : Fast 1100mV 0C Model Recovery 'RST_DEBOUNCER'
Slack : -3.008
TNS   : -11.841

Type  : Fast 1100mV 0C Model Recovery 'CLK_FPGA'
Slack : -1.231
TNS   : -22.141

Type  : Fast 1100mV 0C Model Removal 'CLK_FPGA'
Slack : 0.183
TNS   : 0.000

Type  : Fast 1100mV 0C Model Removal 'RST_DEBOUNCER'
Slack : 1.703
TNS   : 0.000

Type  : Fast 1100mV 0C Model Removal 'INPUT_CLK'
Slack : 1.708
TNS   : 0.000

Type  : Fast 1100mV 0C Model Minimum Pulse Width 'INPUT_CLK'
Slack : -2.174
TNS   : -38.364

Type  : Fast 1100mV 0C Model Minimum Pulse Width 'RST_DEBOUNCER'
Slack : -2.174
TNS   : -36.212

Type  : Fast 1100mV 0C Model Minimum Pulse Width 'CLK_FPGA'
Slack : -0.099
TNS   : -1.777

------------------------------------------------------------
